src/i18n/locales/ar.json(246,1): error TS1185: Merge conflict marker encountered.
src/i18n/locales/ar.json(254,1): error TS1185: Merge conflict marker encountered.
src/i18n/locales/ar.json(255,1): error TS1185: Merge conflict marker encountered.
src/i18n/locales/en.json(1,1): error TS1185: Merge conflict marker encountered.
src/i18n/locales/en.json(19,1): error TS1185: Merge conflict marker encountered.
src/i18n/locales/en.json(21,1): error TS1185: Merge conflict marker encountered.
src/i18n/locales/en.json(31,1): error TS1185: Merge conflict marker encountered.
src/i18n/locales/en.json(149,1): error TS1185: Merge conflict marker encountered.
src/i18n/locales/en.json(151,1): error TS1185: Merge conflict marker encountered.
src/i18n/locales/en.json(223,1): error TS1185: Merge conflict marker encountered.
src/i18n/locales/en.json(309,1): error TS1185: Merge conflict marker encountered.
src/i18n/locales/en.json(310,1): error TS1185: Merge conflict marker encountered.
src/i18n/locales/he.json(245,1): error TS1185: Merge conflict marker encountered.
src/i18n/locales/he.json(254,1): error TS1185: Merge conflict marker encountered.
src/i18n/locales/he.json(256,1): error TS1185: Merge conflict marker encountered.
src/i18n/locales/he.json(262,1): error TS1185: Merge conflict marker encountered.
src/i18n/locales/he.json(265,1): error TS1185: Merge conflict marker encountered.
src/i18n/locales/he.json(267,1): error TS1185: Merge conflict marker encountered.
src/i18n/locales/he.json(271,1): error TS1185: Merge conflict marker encountered.
src/i18n/locales/he.json(273,1): error TS1185: Merge conflict marker encountered.
src/i18n/locales/he.json(285,1): error TS1185: Merge conflict marker encountered.
